NumberOfStructureCandidates=de.unijena.bioinf.fingerid.NumberOfStructureCandidates
FormulaSearchDB=de.unijena.bioinf.fingerid.db.annotation.FormulaSearchDB
StructureSearchDB=de.unijena.bioinf.fingerid.db.annotation.StructureSearchDB

AlgorithmProfile=de.unijena.bioinf.sirius.Profile

IsotopeHandlingMs2=de.unijena.bioinf.FragmentationTreeConstruction.computation.IsotopeInMs2Handling

NoiseThresholdSettings=de.unijena.bioinf.sirius.annotations.NoiseThresholdSettings

PossibleAdductSwitches=de.unijena.bioinf.ChemistryBase.ms.PossibleAdductSwitches
IsotopeSettings=de.unijena.bioinf.ChemistryBase.ms.ft.model.IsotopeSettings
MS1MassDeviation=de.unijena.bioinf.ChemistryBase.ms.MS1MassDeviation
MS2MassDeviation=de.unijena.bioinf.ChemistryBase.ms.MS2MassDeviation
MedianNoiseIntensity=de.unijena.bioinf.ChemistryBase.ms.MedianNoiseIntensity
NumberOfCandidatesPerIon=de.unijena.bioinf.ChemistryBase.ms.NumberOfCandidatesPerIon
Timeout=de.unijena.bioinf.ChemistryBase.ms.ft.model.Timeout
AdductSettings=de.unijena.bioinf.ChemistryBase.ms.ft.model.AdductSettings
ForbidRecalibration=de.unijena.bioinf.ChemistryBase.ms.ft.model.ForbidRecalibration
FormulaSettings=de.unijena.bioinf.ChemistryBase.ms.ft.model.FormulaSettings
PossibleAdducts=de.unijena.bioinf.ChemistryBase.ms.PossibleAdducts
NumberOfCandidates=de.unijena.bioinf.ChemistryBase.ms.NumberOfCandidates

ms1=de.unijena.bioinf.IsotopePatternAnalysis.IsotopicIntensitySettings
CompoundQuality=de.unijena.bioinf.ChemistryBase.ms.CompoundQuality


MotifDbFile=de.unijena.bioinf.treemotifs.model.MotifDbFile
RecomputeResults=de.unijena.bioinf.ms.annotaions.RecomputeResults
FormulaResultThreshold=de.unijena.bioinf.fingerid.annotations.FormulaResultThreshold
UserFormulaResultRankingScore=de.unijena.bioinf.ms.frontend.subtools.fingerid.annotations.UserFormulaResultRankingScore
FormulaResultRankingScore=de.unijena.bioinf.projectspace.sirius.FormulaResultRankingScore
