RecomputeResults=de.unijena.bioinf.ms.annotations.RecomputeResults
WriteSummaries=de.unijena.bioinf.ms.annotations.WriteSummaries


ZodiacEpochs=de.unijena.bioinf.GibbsSampling.properties.ZodiacEpochs
ZodiacRunInTwoSteps=de.unijena.bioinf.GibbsSampling.properties.ZodiacRunInTwoSteps
ZodiacEdgeFilterThresholds=de.unijena.bioinf.GibbsSampling.properties.ZodiacEdgeFilterThresholds
ZodiacNumberOfConsideredCandidatesAt300Mz=de.unijena.bioinf.GibbsSampling.properties.ZodiacNumberOfConsideredCandidatesAt300Mz
ZodiacNumberOfConsideredCandidatesAt800Mz=de.unijena.bioinf.GibbsSampling.properties.ZodiacNumberOfConsideredCandidatesAt800Mz
ZodiacRatioOfConsideredCandidatesPerIonization=de.unijena.bioinf.GibbsSampling.properties.ZodiacRatioOfConsideredCandidatesPerIonization
ZodiacClusterCompounds=de.unijena.bioinf.GibbsSampling.properties.ZodiacClusterCompounds
ZodiacLibraryScoring=de.unijena.bioinf.GibbsSampling.properties.ZodiacLibraryScoring

FormulaResultRankingScore=de.unijena.bioinf.projectspace.sirius.FormulaResultRankingScore

NumberOfStructureCandidates=de.unijena.bioinf.fingerid.annotations.NumberOfStructureCandidates
FormulaSearchDB=de.unijena.bioinf.chemdb.annotations.FormulaSearchDB
StructureSearchDB=de.unijena.bioinf.chemdb.annotations.StructureSearchDB
FormulaResultThreshold=de.unijena.bioinf.fingerid.annotations.FormulaResultThreshold

AlgorithmProfile=de.unijena.bioinf.sirius.Profile

MotifDbFile=de.unijena.bioinf.treemotifs.model.MotifDbFile

ms1=de.unijena.bioinf.IsotopePatternAnalysis.IsotopicIntensitySettings

NoiseThresholdSettings=de.unijena.bioinf.sirius.annotations.NoiseThresholdSettings

StructurePredictors=de.unijena.bioinf.fingerid.predictor_types.PredictorTypeAnnotation

MS1MassDeviation=de.unijena.bioinf.ChemistryBase.ms.MS1MassDeviation
MS2MassDeviation=de.unijena.bioinf.ChemistryBase.ms.MS2MassDeviation
MedianNoiseIntensity=de.unijena.bioinf.ChemistryBase.ms.MedianNoiseIntensity
Timeout=de.unijena.bioinf.ChemistryBase.ms.ft.model.Timeout
AdductSettings=de.unijena.bioinf.ChemistryBase.ms.ft.model.AdductSettings
CompoundQuality=de.unijena.bioinf.ChemistryBase.ms.CompoundQuality
PossibleAdductSwitches=de.unijena.bioinf.ChemistryBase.ms.PossibleAdductSwitches
IsotopeSettings=de.unijena.bioinf.ChemistryBase.ms.ft.model.IsotopeSettings
IsotopeMs2Settings=de.unijena.bioinf.ChemistryBase.ms.ft.model.IsotopeMs2Settings
NumberOfCandidatesPerIon=de.unijena.bioinf.ChemistryBase.ms.NumberOfCandidatesPerIon
ForbidRecalibration=de.unijena.bioinf.ChemistryBase.ms.ft.model.ForbidRecalibration
FormulaSettings=de.unijena.bioinf.ChemistryBase.ms.ft.model.FormulaSettings
NumberOfCandidates=de.unijena.bioinf.ChemistryBase.ms.NumberOfCandidates

